device = cuda
  0%|          | 0/3 [00:00<?, ?it/s]  0%|          | 0/3 [00:11<?, ?it/s]
Traceback (most recent call last):
  File "/home/p_gnngw/miniconda3/envs/cuda118/lib/python3.12/site-packages/torch/utils/data/dataloader.py", line 1133, in _try_get_data
    data = self._data_queue.get(timeout=timeout)
           ^^^^^^^^^^^^^^^^^^^^^^^^^^^^^^^^^^^^^
  File "/home/p_gnngw/miniconda3/envs/cuda118/lib/python3.12/queue.py", line 180, in get
    self.not_empty.wait(remaining)
  File "/home/p_gnngw/miniconda3/envs/cuda118/lib/python3.12/threading.py", line 359, in wait
    gotit = waiter.acquire(True, timeout)
            ^^^^^^^^^^^^^^^^^^^^^^^^^^^^^
  File "/home/p_gnngw/miniconda3/envs/cuda118/lib/python3.12/site-packages/torch/utils/data/_utils/signal_handling.py", line 66, in handler
    _error_if_any_worker_fails()
RuntimeError: DataLoader worker (pid 2587789) is killed by signal: Killed. 

The above exception was the direct cause of the following exception:

Traceback (most recent call last):
  File "/project/p_gnn001/code/tsp/tsp/train2.py", line 333, in <module>
    main()
  File "/project/p_gnn001/code/tsp/tsp/train2.py", line 326, in main
    val_loss = run(args)
               ^^^^^^^^^
  File "/project/p_gnn001/code/tsp/tsp/train2.py", line 217, in run
    epoch_loss = train(model, train_loader, args.target, criterion, optimizer, device)
                 ^^^^^^^^^^^^^^^^^^^^^^^^^^^^^^^^^^^^^^^^^^^^^^^^^^^^^^^^^^^^^^^^^^^^^
  File "/project/p_gnn001/code/tsp/tsp/train2.py", line 44, in train
    for batch_i, batch in enumerate(train_loader):
  File "/home/p_gnngw/miniconda3/envs/cuda118/lib/python3.12/site-packages/torch/utils/data/dataloader.py", line 631, in __next__
    data = self._next_data()
           ^^^^^^^^^^^^^^^^^
  File "/home/p_gnngw/miniconda3/envs/cuda118/lib/python3.12/site-packages/torch/utils/data/dataloader.py", line 1329, in _next_data
    idx, data = self._get_data()
                ^^^^^^^^^^^^^^^^
  File "/home/p_gnngw/miniconda3/envs/cuda118/lib/python3.12/site-packages/torch/utils/data/dataloader.py", line 1285, in _get_data
    success, data = self._try_get_data()
                    ^^^^^^^^^^^^^^^^^^^^
  File "/home/p_gnngw/miniconda3/envs/cuda118/lib/python3.12/site-packages/torch/utils/data/dataloader.py", line 1146, in _try_get_data
    raise RuntimeError(f'DataLoader worker (pid(s) {pids_str}) exited unexpectedly') from e
RuntimeError: DataLoader worker (pid(s) 2587789, 2587793) exited unexpectedly
slurmstepd: error: Detected 3 oom-kill event(s) in StepId=6425630.batch. Some of your processes may have been killed by the cgroup out-of-memory handler.
