device = cuda
  0%|          | 0/10 [00:00<?, ?it/s]  0%|          | 0/10 [02:46<?, ?it/s, Train Loss=0.0065, Validation Loss=0.0029, correlation : =0.8331, cosin correlation : =0.9773, gap : =24.0253] 10%|█         | 1/10 [02:46<24:59, 166.65s/it, Train Loss=0.0065, Validation Loss=0.0029, correlation : =0.8331, cosin correlation : =0.9773, gap : =24.0253]1557939.0
1532094.0
1447429.0
1497884.0
1684742.0
1672382.0
1590543.0
1600862.0
1650144.0
1526623.0
1605118.0
1537054.0
1653286.0
1415150.0
1527161.0
1577636.0
1734844.0
1439504.0
1580373.0
1622505.0
 10%|█         | 1/10 [05:19<24:59, 166.65s/it, Train Loss=0.0024, Validation Loss=0.0022, correlation : =0.8727, cosin correlation : =0.9832, gap : =18.3163] 20%|██        | 2/10 [05:19<21:08, 158.58s/it, Train Loss=0.0024, Validation Loss=0.0022, correlation : =0.8727, cosin correlation : =0.9832, gap : =18.3163]1557939.0
1532094.0
1447429.0
1497884.0
1684742.0
1672382.0
1590543.0
1600862.0
1650144.0
1526623.0
1605118.0
1537054.0
1653286.0
1415150.0
1527161.0
1577636.0
1734844.0
1439504.0
1580373.0
1622505.0
slurmstepd: error: *** JOB 6666687 ON x1001c2s1b0n1 CANCELLED AT 2024-09-07T15:51:22 ***
